../Drivers/CMSIS/Include/core_cm7.h:2660:26:ITM_SendChar	16	static,ignoring_inline_asm
../Core/Src/main.c:147:8:removeSilence	80	static
../Core/Src/main.c:211:7:compute_power	24	static
../Core/Src/main.c:222:6:normalizeSignal	40	static
../Core/Src/main.c:261:6:convertToComplex	32	static
../Core/Src/main.c:274:6:powerSpectrum	40	static
../Core/Src/main.c:286:6:powerToDB	24	static
../Core/Src/main.c:301:6:dctTransform	48	static
../Core/Src/main.c:318:6:filteredSpectrum	240	dynamic
../Core/Src/main.c:394:7:freqToMel	16	static
../Core/Src/main.c:400:7:melToFreq	16	static
../Core/Src/main.c:409:6:hammingWindow	56	dynamic
../Core/Src/main.c:423:6:normalizeFeature	32	static
../Core/Src/main.c:436:5:rmse_check	32	static
../Core/Src/main.c:458:5:main	2392	dynamic
../Core/Src/main.c:681:6:SystemClock_Config	120	static
../Core/Src/main.c:744:13:MX_ADC1_Init	48	static
../Core/Src/main.c:812:13:MX_ETH_Init	8	static
../Core/Src/main.c:861:13:MX_TIM1_Init	40	static
../Core/Src/main.c:908:13:MX_USART3_UART_Init	8	static
../Core/Src/main.c:954:13:MX_DMA_Init	16	static
../Core/Src/main.c:972:13:MX_GPIO_Init	56	static
../Core/Src/main.c:1040:6:HAL_ADC_ConvCpltCallback	16	static
../Core/Src/main.c:1047:5:_write	32	static
../Core/Src/main.c:1059:6:Error_Handler	8	static,ignoring_inline_asm
